// Jest Snapshot v1, https://goo.gl/fbAQLP

exports[`matches snapshot 1`] = `
Array [
  <p
    data-testid="title"
  >
    countries:
  </p>,
  <select
    className="selector"
    data-testid="selector"
  >
    <option
      data-testid="default-value"
    />
    <option>
      us
    </option>
    <option>
      gb
    </option>
    <option>
      de
    </option>
  </select>,
]
`;
